[INFO] Scanning for projects...
[WARNING] 
[WARNING] Some problems were encountered while building the effective model for com.fpmislata:banco-back:jar:0.0.1-SNAPSHOT
[WARNING] 'dependencies.dependency.(groupId:artifactId:type:classifier)' must be unique: jakarta.validation:jakarta.validation-api:jar -> duplicate declaration of version 3.0.2 @ line 57, column 21
[WARNING] 
[WARNING] It is highly recommended to fix these problems because they threaten the stability of your build.
[WARNING] 
[WARNING] For this reason, future Maven versions might no longer support building such malformed projects.
[WARNING] 
[INFO] 
[INFO] ----------------------< com.fpmislata:banco-back >----------------------
[INFO] Building banco-back 0.0.1-SNAPSHOT
[INFO]   from pom.xml
[INFO] --------------------------------[ jar ]---------------------------------
[INFO] 
[INFO] --- resources:3.3.1:resources (default-resources) @ banco-back ---
[INFO] Copying 1 resource from src\main\resources to target\classes
[INFO] Copying 2 resources from src\main\resources to target\classes
[INFO] 
[INFO] --- compiler:3.14.0:compile (default-compile) @ banco-back ---
[INFO] Recompiling the module because of changed source code.
[INFO] Compiling 76 source files with javac [debug parameters release 21] to target\classes
[INFO] /C:/Users/carlo/Desktop/2DAW/RetoquesExpressProyecto/banco-back/src/main/java/com/fpmislata/banco_back/util/JwtUtil.java: C:\Users\carlo\Desktop\2DAW\RetoquesExpressProyecto\banco-back\src\main\java\com\fpmislata\banco_back\util\JwtUtil.java uses or overrides a deprecated API.
[INFO] /C:/Users/carlo/Desktop/2DAW/RetoquesExpressProyecto/banco-back/src/main/java/com/fpmislata/banco_back/util/JwtUtil.java: Recompile with -Xlint:deprecation for details.
[INFO] /C:/Users/carlo/Desktop/2DAW/RetoquesExpressProyecto/banco-back/src/main/java/com/fpmislata/banco_back/controller/webModel/AccountMovementController.java: Some input files use unchecked or unsafe operations.
[INFO] /C:/Users/carlo/Desktop/2DAW/RetoquesExpressProyecto/banco-back/src/main/java/com/fpmislata/banco_back/controller/webModel/AccountMovementController.java: Recompile with -Xlint:unchecked for details.
[INFO] -------------------------------------------------------------
[ERROR] COMPILATION ERROR : 
[INFO] -------------------------------------------------------------
[ERROR] /C:/Users/carlo/Desktop/2DAW/RetoquesExpressProyecto/banco-back/src/main/java/com/fpmislata/banco_back/persistence/dao/jpa/impl/AccountJpaDaoImpl.java:[25,5] method does not override or implement a method from a supertype
[ERROR] /C:/Users/carlo/Desktop/2DAW/RetoquesExpressProyecto/banco-back/src/main/java/com/fpmislata/banco_back/persistence/dao/jpa/impl/AccountJpaDaoImpl.java:[41,5] method does not override or implement a method from a supertype
[ERROR] /C:/Users/carlo/Desktop/2DAW/RetoquesExpressProyecto/banco-back/src/main/java/com/fpmislata/banco_back/persistence/dao/jpa/impl/AccountJpaDaoImpl.java:[46,5] method does not override or implement a method from a supertype
[INFO] 3 errors 
[INFO] -------------------------------------------------------------
[INFO] ------------------------------------------------------------------------
[INFO] BUILD FAILURE
[INFO] ------------------------------------------------------------------------
[INFO] Total time:  3.695 s
[INFO] Finished at: 2026-01-14T11:55:07+01:00
[INFO] ------------------------------------------------------------------------
[ERROR] Failed to execute goal org.apache.maven.plugins:maven-compiler-plugin:3.14.0:compile (default-compile) on project banco-back: Compilation failure: Compilation failure: 
[ERROR] /C:/Users/carlo/Desktop/2DAW/RetoquesExpressProyecto/banco-back/src/main/java/com/fpmislata/banco_back/persistence/dao/jpa/impl/AccountJpaDaoImpl.java:[25,5] method does not override or implement a method from a supertype
[ERROR] /C:/Users/carlo/Desktop/2DAW/RetoquesExpressProyecto/banco-back/src/main/java/com/fpmislata/banco_back/persistence/dao/jpa/impl/AccountJpaDaoImpl.java:[41,5] method does not override or implement a method from a supertype
[ERROR] /C:/Users/carlo/Desktop/2DAW/RetoquesExpressProyecto/banco-back/src/main/java/com/fpmislata/banco_back/persistence/dao/jpa/impl/AccountJpaDaoImpl.java:[46,5] method does not override or implement a method from a supertype
[ERROR] -> [Help 1]
[ERROR] 
[ERROR] To see the full stack trace of the errors, re-run Maven with the -e switch.
[ERROR] Re-run Maven using the -X switch to enable full debug logging.
[ERROR] 
[ERROR] For more information about the errors and possible solutions, please read the following articles:
[ERROR] [Help 1] http://cwiki.apache.org/confluence/display/MAVEN/MojoFailureException
